// Vitest Snapshot v1, https://vitest.dev/guide/snapshot.html

exports[`Button Component > matches the snapshot 1`] = `
<DocumentFragment>
  <button
    class="text-white font-medium rounded-lg shadow-md disabled:opacity-50 max-w-[200px] truncate"
  >
    Button
  </button>
</DocumentFragment>
`;
